                                open                            close    hold_s side  leverage  closedSize  openPriceEp  closePriceEp  closedPnlEv  exchangeFeeEv  realizedPnlEv
603 2022-11-10 04:47:28.336000+00:00 2022-11-10 04:47:35.843000+00:00     7.507    1       -20          37        53350         53120        -8510           2365         -10875
604 2022-11-10 04:48:29.138000+00:00 2022-11-10 04:54:52.327000+00:00   383.189    1       -20          33        53580         83850       998910           2722         996188
605 2022-11-10 05:00:31.113000+00:00 2022-11-10 05:00:56.540000+00:00    25.427    2       -20          44        85270         86230       -42240           4529         -46769
606 2022-11-10 05:02:45.941000+00:00 2022-11-10 05:04:10.612000+00:00    84.671    1        20          30        53530         85200       950100           2498         947602
607 2022-11-10 05:06:35.952000+00:00 2022-11-10 05:08:45.279000+00:00   129.327    1        20          86        53590         58470       419680           5784         413896
608 2022-11-10 05:09:23.586000+00:00 2022-11-10 05:11:49.223000+00:00   145.637    1        20         111        53590         69530      1769340           8201        1761139
609 2022-11-10 05:12:07.241000+00:00 2022-11-10 05:13:01.311000+00:00    54.070    2        20          86        69470         53610      1363960           6352        1357608
610 2022-11-10 05:13:27.369000+00:00 2022-11-10 05:15:49.504000+00:00   142.135    1        20         195        53600         69150      3032250          14363        3017887
611 2022-11-10 05:15:59.914000+00:00 2022-11-10 05:17:09.572000+00:00    69.658    2        20         151        69140         53590      2347190          11123        2336067
612 2022-11-10 05:17:23.623000+00:00 2022-11-10 05:19:14.406000+00:00   110.783    1        20         195        53640         61590      1550350          13486        1536864
613 2022-11-10 05:19:46.327000+00:00 2022-11-10 05:20:44.518000+00:00    58.191    2        20         286        69680         50140      5587640          20563        5567077
614 2022-11-10 05:21:20.668000+00:00 2022-11-10 05:25:18.286000+00:00   237.618    1        20         429        50090         54080      1713670          26821        1686849
615 2022-11-10 05:25:22.627000+00:00 2022-11-10 06:17:32.763000+00:00  3130.136    1        20         433        54940         55000        26350          28566          -2216
616 2022-11-10 06:19:00.098000+00:00 2022-11-10 06:23:24.533000+00:00   264.435    1        20         281        48620         48660        10000          16405          -6405
617 2022-11-10 06:28:18.863000+00:00 2022-11-10 06:31:44.136000+00:00   205.273    2        20         248        55050         50040      1242780          15643        1227137
618 2022-11-10 06:32:02.817000+00:00 2022-11-10 06:35:54.706000+00:00   231.889    1        20         379        50030         55050      1899420          23902        1875518
619 2022-11-10 06:36:09.839000+00:00 2022-11-10 06:42:57.014000+00:00   407.175    2        20         345        54950         49280      1956860          21577        1935283
620 2022-11-10 06:43:10.434000+00:00 2022-11-10 06:46:40.357000+00:00   209.923    1        20         442        49050         54470      2394230          27460        2366770
621 2022-11-10 06:47:01.019000+00:00 2022-11-10 06:52:24.927000+00:00   323.908    2        20         442        54360         52460       838570          28339         810231
622 2022-11-10 06:52:46.017000+00:00 2022-11-10 06:58:02.418000+00:00   316.401    1        20         384        49360         54370      1927060          23903        1903157
623 2022-11-10 06:58:13.293000+00:00 2022-11-10 07:03:04.522000+00:00   291.229    2        20         451        54280         49540      2137740          28095        2109645
624 2022-11-10 07:03:21.623000+00:00 2022-11-10 07:04:05.072000+00:00    43.449    1        20         494        49580         55040      2699360          31014        2668346
625 2022-11-10 07:04:35.829000+00:00 2022-11-10 07:08:02.882000+00:00   207.053    1        20         424        45480         53710      3491490          25238        3466252
626 2022-11-10 07:08:34.614000+00:00 2022-11-10 07:19:42.882000+00:00   668.268    1        20         853        49580         54950      4585980          53508        4532472
627 2022-11-10 07:20:01.734000+00:00 2022-11-10 07:30:21.795000+00:00   620.061    2        20         767        54920         49230      4360860          47939        4312921
628 2022-11-10 07:30:47.176000+00:00 2022-11-10 07:31:40.469000+00:00    53.293    1        20         776        46090         54620      6616130          46899        6569231
629 2022-11-10 07:31:55.458000+00:00 2022-11-10 07:46:07.993000+00:00   852.535    2        20         866        54730         49570      4460250          54204        4406046
630 2022-11-10 07:46:35.659000+00:00 2022-11-10 07:46:40.444000+00:00     4.785    1        20         586        46470         45790      -396560          32446        -429006
631 2022-11-10 07:47:08.321000+00:00 2022-11-10 07:50:24.546000+00:00   196.225    1        20         893        45060         53370      7415530          52748        7362782
632 2022-11-10 07:50:45.075000+00:00 2022-11-10 07:50:56.193000+00:00    11.118    1        20         307        53710         54280       172260          19895         152365
633 2022-11-10 07:51:04.619000+00:00 2022-11-10 07:53:26.313000+00:00   141.694    2        20         668        54270         42740      7702750          38885        7663865
634 2022-11-10 07:53:39.088000+00:00 2022-11-10 07:55:25.822000+00:00   106.734    1        20        1082        43550         53680     10959300          63140       10896160
635 2022-11-10 07:55:47.034000+00:00 2022-11-10 08:44:09.340000+00:00  2902.306    1        20         929        44250         42050     -2050710          48111       -2103963
EXPLORATORY: TRYB rows n= 33 sum realized/1e4= 8128.0124 fees/1e4= 84.6724
         size       sum
symbol                 
LINKUSD     1  -11.9157
uBTCUSD     7 -114.6518
